Running linters ■■■                                6% | ETA:  1m
Running linters ■■■■■                             15% | ETA:  1m
Running linters ■■■■■■■                           19% | ETA:  1m
Running linters ■■■■■■■■                          22% | ETA:  1m
Running linters ■■■■■■■■■                         25% | ETA:  1m
Running linters ■■■■■■■■■■                        29% | ETA:  1m
Running linters ■■■■■■■■■■                        31% | ETA:  1m
Running linters ■■■■■■■■■■■                       32% | ETA:  1m
Running linters ■■■■■■■■■■■                       35% | ETA:  1m
Running linters ■■■■■■■■■■■■                      36% | ETA:  1m
Running linters ■■■■■■■■■■■■■                     39% | ETA:  1m
Running linters ■■■■■■■■■■■■■                     39% | ETA:  1m
Running linters ■■■■■■■■■■■■■                     41% | ETA:  1m
Running linters ■■■■■■■■■■■■■                     41% | ETA:  1m
Running linters ■■■■■■■■■■■■■■                    43% | ETA:  1m
Running linters ■■■■■■■■■■■■■■                    45% | ETA:  1m
Running linters ■■■■■■■■■■■■■■■                   48% | ETA:  1m
Running linters ■■■■■■■■■■■■■■■■■                 54% | ETA:  1m
Running linters ■■■■■■■■■■■■■■■■■■■■              63% | ETA: 38s
Running linters ■■■■■■■■■■■■■■■■■■■■■■            69% | ETA: 31s
Running linters ■■■■■■■■■■■■■■■■■■■■■■■           73% | ETA: 26s
Running linters ■■■■■■■■■■■■■■■■■■■■■■■■■         81% | ETA: 17s
Running linters ■■■■■■■■■■■■■■■■■■■■■■■■■■■       88% | ETA: 11s
Running linters ■■■■■■■■■■■■■■■■■■■■■■■■■■■■■     95% | ETA:  5s
Project lint gate passed.
