Running linters ■■                                 5% | ETA:  1m
Running linters ■■■■                              12% | ETA:  1m
Running linters ■■■■■                             14% | ETA:  1m
Running linters ■■■■■■                            17% | ETA:  1m
Running linters ■■■■■■■                           21% | ETA:  1m
Running linters ■■■■■■■■                          22% | ETA:  1m
Running linters ■■■■■■■■■                         26% | ETA:  1m
Running linters ■■■■■■■■■■                        29% | ETA:  1m
Running linters ■■■■■■■■■■                        31% | ETA:  1m
Running linters ■■■■■■■■■■■                       33% | ETA:  1m
Running linters ■■■■■■■■■■■                       35% | ETA:  1m
Running linters ■■■■■■■■■■■■                      36% | ETA:  1m
Running linters ■■■■■■■■■■■■■                     39% | ETA:  1m
Running linters ■■■■■■■■■■■■■                     41% | ETA:  1m
Running linters ■■■■■■■■■■■■■■                    42% | ETA:  1m
Running linters ■■■■■■■■■■■■■■■                   46% | ETA:  1m
Running linters ■■■■■■■■■■■■■■■■■■                58% | ETA: 44s
Running linters ■■■■■■■■■■■■■■■■■■■■■             65% | ETA: 34s
Running linters ■■■■■■■■■■■■■■■■■■■■■■■           72% | ETA: 26s
Running linters ■■■■■■■■■■■■■■■■■■■■■■■■■         81% | ETA: 17s
Running linters ■■■■■■■■■■■■■■■■■■■■■■■■■■■■      90% | ETA:  8s
Running linters ■■■■■■■■■■■■■■■■■■■■■■■■■■■■■■    97% | ETA:  3s
Project lint gate passed.
