Evaluate MNI152NLin6Asym-1-fsaverage-L-continuous 
Evaluate MNI152NLin6Asym-1-fsLR-L-continuous 
Evaluate MNI152NLin6Asym-1-fsaverage-R-continuous 
Evaluate MNI152NLin6Asym-1-fsLR-R-continuous 
Evaluate MNI152NLin6Asym-1-fsaverage-L-label 
Evaluate MNI152NLin6Asym-1-fsLR-L-label 
Evaluate MNI152NLin6Asym-1-fsaverage-R-label 
Evaluate MNI152NLin6Asym-1-fsLR-R-label 
Evaluate MNI152NLin6Asym-1-fsaverage-L-probability 
Evaluate MNI152NLin6Asym-1-fsLR-L-probability 
Evaluate MNI152NLin6Asym-1-fsaverage-R-probability 
Evaluate MNI152NLin6Asym-1-fsLR-R-probability 
Evaluate MNI152NLin6Asym-2-fsaverage-L-continuous 
Evaluate MNI152NLin6Asym-2-fsLR-L-continuous 
Evaluate MNI152NLin6Asym-2-fsaverage-R-continuous 
Evaluate MNI152NLin6Asym-2-fsLR-R-continuous 
Evaluate MNI152NLin6Asym-2-fsaverage-L-label 
Evaluate MNI152NLin6Asym-2-fsLR-L-label 
Evaluate MNI152NLin6Asym-2-fsaverage-R-label 
Evaluate MNI152NLin6Asym-2-fsLR-R-label 
Evaluate MNI152NLin6Asym-2-fsaverage-L-probability 
Evaluate MNI152NLin6Asym-2-fsLR-L-probability 
Evaluate MNI152NLin6Asym-2-fsaverage-R-probability 
Evaluate MNI152NLin6Asym-2-fsLR-R-probability 
Evaluate MNI152NLin2009cAsym-1-fsaverage-L-continuous 
Evaluate MNI152NLin2009cAsym-1-fsLR-L-continuous 
Evaluate MNI152NLin2009cAsym-1-fsaverage-R-continuous 
Evaluate MNI152NLin2009cAsym-1-fsLR-R-continuous 
Evaluate MNI152NLin2009cAsym-1-fsaverage-L-label 
Evaluate MNI152NLin2009cAsym-1-fsLR-L-label 
Evaluate MNI152NLin2009cAsym-1-fsaverage-R-label 
Evaluate MNI152NLin2009cAsym-1-fsLR-R-label 
Evaluate MNI152NLin2009cAsym-1-fsaverage-L-probability 
Evaluate MNI152NLin2009cAsym-1-fsLR-L-probability 
Evaluate MNI152NLin2009cAsym-1-fsaverage-R-probability 
Evaluate MNI152NLin2009cAsym-1-fsLR-R-probability 
Evaluate MNI152NLin2009cAsym-2-fsaverage-L-continuous 
Evaluate MNI152NLin2009cAsym-2-fsLR-L-continuous 
Evaluate MNI152NLin2009cAsym-2-fsaverage-R-continuous 
Evaluate MNI152NLin2009cAsym-2-fsLR-R-continuous 
Evaluate MNI152NLin2009cAsym-2-fsaverage-L-label 
Evaluate MNI152NLin2009cAsym-2-fsLR-L-label 
Evaluate MNI152NLin2009cAsym-2-fsaverage-R-label 
Evaluate MNI152NLin2009cAsym-2-fsLR-R-label 
Evaluate MNI152NLin2009cAsym-2-fsaverage-L-probability 
Evaluate MNI152NLin2009cAsym-2-fsLR-L-probability 
Evaluate MNI152NLin2009cAsym-2-fsaverage-R-probability 
Evaluate MNI152NLin2009cAsym-2-fsLR-R-probability 
