-- Installing package into temporary library -----------------------------------
== Building pkgdown site =======================================================
Reading from: '/work/code/neuroatlas'
Writing to:   '/work/code/neuroatlas/docs'
-- Initialising site -----------------------------------------------------------
Copying '../../../usr/lib/R/site-library/pkgdown/BS5/assets/link.svg' to 'link.svg'
Copying '../../../usr/lib/R/site-library/pkgdown/BS5/assets/pkgdown.js' to 'pkgdown.js'
Copying 'data-raw/surface-transforms-v1/work/library/albersdown/pkgdown/assets/albers.css' to 'albers.css'
Copying 'data-raw/surface-transforms-v1/work/library/albersdown/pkgdown/assets/albers.js' to 'albers.js'
Copying 'data-raw/surface-transforms-v1/work/library/albersdown/pkgdown/assets/fonts/familjen-grotesk.woff2' to 'fonts/familjen-grotesk.woff2'
Copying 'data-raw/surface-transforms-v1/work/library/albersdown/pkgdown/assets/fonts/hanken-grotesk-italic.woff2' to 'fonts/hanken-grotesk-italic.woff2'
Copying 'data-raw/surface-transforms-v1/work/library/albersdown/pkgdown/assets/fonts/hanken-grotesk.woff2' to 'fonts/hanken-grotesk.woff2'
Copying 'data-raw/surface-transforms-v1/work/library/albersdown/pkgdown/assets/fonts/jetbrains-mono.woff2' to 'fonts/jetbrains-mono.woff2'
Copying 'data-raw/surface-transforms-v1/work/library/albersdown/pkgdown/assets/fonts/newsreader-italic.woff2' to 'fonts/newsreader-italic.woff2'
Copying 'data-raw/surface-transforms-v1/work/library/albersdown/pkgdown/assets/fonts/newsreader.woff2' to 'fonts/newsreader.woff2'
Copying 'data-raw/surface-transforms-v1/work/library/albersdown/pkgdown/assets/fonts/space-grotesk.woff2' to 'fonts/space-grotesk.woff2'
Copying 'data-raw/surface-transforms-v1/work/library/albersdown/pkgdown/assets/fonts/spline-sans-mono.woff2' to 'fonts/spline-sans-mono.woff2'
Copying 'pkgdown/extra.css' to 'extra.css'
Copying 'pkgdown/extra.js' to 'extra.js'
-- Building home ---------------------------------------------------------------
Writing 'authors.html'
Reading 'AGENTS.md'
Writing 'AGENTS.html'
Reading 'CONTRIBUTING.md'
Writing 'CONTRIBUTING.html'
Reading 'CRAN_guidance.md'
Writing 'CRAN_guidance.html'
Reading 'CRAN_submission_notes.md'
Writing 'CRAN_submission_notes.html'
Reading 'neuroatlas_cheatsheet_v3.md'
Writing 'neuroatlas_cheatsheet_v3.html'
Reading 'templateflow.md'
Writing 'templateflow.html'
Writing 'LICENSE-text.html'
Copying 'man/figures/README-roi-palette.png' to 'reference/figures/README-roi-palette.png'
Copying 'man/figures/background-pattern.png' to 'reference/figures/background-pattern.png'
Copying 'man/figures/flanders.woff' to 'reference/figures/flanders.woff'
Copying 'man/figures/flanders.woff2' to 'reference/figures/flanders.woff2'
Copying 'man/figures/logo-en.png' to 'reference/figures/logo-en.png'
Writing '404.html'
-- Building function reference -------------------------------------------------
Writing 'reference/index.html'
Reading 'man/MNI152_to_MNI305.Rd'
Writing 'reference/MNI152_to_MNI305.html'
Reading 'man/MNI305_to_MNI152.Rd'
Writing 'reference/MNI305_to_MNI152.html'
Reading 'man/align_parcel_values.Rd'
Writing 'reference/align_parcel_values.html'
Reading 'man/apply_surface_projection.Rd'
Writing 'reference/apply_surface_projection.html'
Reading 'man/apply_surface_transform.Rd'
Writing 'reference/apply_surface_transform.html'
Reading 'man/apply_template_transform.Rd'
Writing 'reference/apply_template_transform.html'
Reading 'man/as_igraph.Rd'
Writing 'reference/as_igraph.html'
Reading 'man/as_parcel_data.Rd'
Writing 'reference/as_parcel_data.html'
Reading 'man/atlas_alignment.Rd'
Writing 'reference/atlas_alignment.html'
Reading 'man/atlas_artifacts.Rd'
Writing 'reference/atlas_artifacts.html'
Reading 'man/atlas_citations.Rd'
Writing 'reference/atlas_citations.html'
Reading 'man/atlas_connectivity.Rd'
Writing 'reference/atlas_connectivity.html'
Reading 'man/atlas_constructor.Rd'
Writing 'reference/atlas_constructor.html'
Reading 'man/atlas_coord_space.Rd'
Writing 'reference/atlas_coord_space.html'
Reading 'man/atlas_download.Rd'
Writing 'reference/atlas_download.html'
Reading 'man/atlas_family.Rd'
Writing 'reference/atlas_family.html'
Reading 'man/atlas_graph.Rd'
Writing 'reference/atlas_graph.html'
Reading 'man/atlas_hierarchy.Rd'
Writing 'reference/atlas_hierarchy.html'
Reading 'man/atlas_history.Rd'
Writing 'reference/atlas_history.html'
Reading 'man/atlas_metadata.Rd'
Writing 'reference/atlas_metadata.html'
Reading 'man/atlas_overlap.Rd'
Writing 'reference/atlas_overlap.html'
Reading 'man/atlas_provenance.Rd'
Writing 'reference/atlas_provenance.html'
Reading 'man/atlas_ref.Rd'
Writing 'reference/atlas_ref.html'
Reading 'man/atlas_registry.Rd'
Writing 'reference/atlas_registry.html'
Reading 'man/atlas_roi_colors.Rd'
Writing 'reference/atlas_roi_colors.html'
Reading 'man/atlas_space.Rd'
Writing 'reference/atlas_space.html'
Reading 'man/atlas_transform_manifest.Rd'
Writing 'reference/atlas_transform_manifest.html'
Reading 'man/atlas_transform_plan.Rd'
Writing 'reference/atlas_transform_plan.html'
Reading 'man/batch_reduce.Rd'
Writing 'reference/batch_reduce.html'
Reading 'man/brainnetome_labels.Rd'
Writing 'reference/brainnetome_labels.html'
Reading 'man/build_brain_polygon_data.Rd'
Writing 'reference/build_brain_polygon_data.html'
Reading 'man/build_cluster_explorer_data.Rd'
Writing 'reference/build_cluster_explorer_data.html'
Reading 'man/build_conflict_edges.Rd'
Writing 'reference/build_conflict_edges.html'
Reading 'man/build_surface_polygon_data.Rd'
Writing 'reference/build_surface_polygon_data.html'
Reading 'man/cash-.templateflow.Rd'
Writing 'reference/cash-.templateflow.html'
Reading 'man/check_templateflow.Rd'
Writing 'reference/check_templateflow.html'
Reading 'man/clear_templateflow_cache.Rd'
Writing 'reference/clear_templateflow_cache.html'
Reading 'man/clear_transform_cache.Rd'
Writing 'reference/clear_transform_cache.html'
Reading 'man/cluster_explorer.Rd'
Writing 'reference/cluster_explorer.html'
Reading 'man/coord_spaces.Rd'
Writing 'reference/coord_spaces.html'
Reading 'man/coordinate_spaces.Rd'
Writing 'reference/coordinate_spaces.html'
Reading 'man/create_templateflow.Rd'
Writing 'reference/create_templateflow.html'
Reading 'man/dilate_atlas.Rd'
Writing 'reference/dilate_atlas.html'
Reading 'man/dot-as_neurovol_unmemoised.Rd'
Writing 'reference/dot-as_neurovol_unmemoised.html'
Reading 'man/dot-check_templateflow_connectivity.Rd'
Writing 'reference/dot-check_templateflow_connectivity.html'
Reading 'man/dot-neuroatlas_cache_dir.Rd'
Writing 'reference/dot-neuroatlas_cache_dir.html'
Reading 'man/dot-neuroatlas_download.Rd'
Writing 'reference/dot-neuroatlas_download.html'
Reading 'man/dot-neuroatlas_try_download.Rd'
Writing 'reference/dot-neuroatlas_try_download.html'
Reading 'man/dot-resolve_template_input.Rd'
Writing 'reference/dot-resolve_template_input.html'
Reading 'man/filter_atlas.Rd'
Writing 'reference/filter_atlas.html'
Reading 'man/find_atlas_spec.Rd'
Writing 'reference/find_atlas_spec.html'
Reading 'man/fsaverage.Rd'
Writing 'reference/fsaverage.html'
Reading 'man/get_aseg_atlas.Rd'
Writing 'reference/get_aseg_atlas.html'
Reading 'man/get_atlas.Rd'
Writing 'reference/get_atlas.html'
Reading 'man/get_brainnetome_atlas.Rd'
Writing 'reference/get_brainnetome_atlas.html'
Reading 'man/get_fsl_atlas.Rd'
Writing 'reference/get_fsl_atlas.html'
Reading 'man/get_ggseg_atlas.Rd'
Writing 'reference/get_ggseg_atlas.html'
Reading 'man/get_glasser_atlas.Rd'
Writing 'reference/get_glasser_atlas.html'
Reading 'man/get_harvard_oxford_atlas.Rd'
Writing 'reference/get_harvard_oxford_atlas.html'
Reading 'man/get_hcpex_atlas.Rd'
Writing 'reference/get_hcpex_atlas.html'
Reading 'man/get_hipp_atlas.Rd'
Writing 'reference/get_hipp_atlas.html'
Reading 'man/get_julich_brain_atlas.Rd'
Writing 'reference/get_julich_brain_atlas.html'
Reading 'man/get_olsen_mtl.Rd'
Writing 'reference/get_olsen_mtl.html'
Reading 'man/get_roi-surfatlas.Rd'
Writing 'reference/get_roi-surfatlas.html'
Reading 'man/get_roi.Rd'
Writing 'reference/get_roi.html'
Reading 'man/get_schaefer_atlas.Rd'
Writing 'reference/get_schaefer_atlas.html'
Reading 'man/get_schaefer_surfatlas.Rd'
Writing 'reference/get_schaefer_surfatlas.html'
Reading 'man/get_space_transform.Rd'
Writing 'reference/get_space_transform.html'
Reading 'man/get_subcortical_atlas.Rd'
Writing 'reference/get_subcortical_atlas.html'
Reading 'man/get_surface_coordinate_space.Rd'
Writing 'reference/get_surface_coordinate_space.html'
Reading 'man/get_surface_geometry.Rd'
Writing 'reference/get_surface_geometry.html'
Reading 'man/get_surface_projection.Rd'
Writing 'reference/get_surface_projection.html'
Reading 'man/get_surface_transform.Rd'
Writing 'reference/get_surface_transform.html'
Reading 'man/get_template.Rd'
Writing 'reference/get_template.html'
Reading 'man/get_template_brainmask.Rd'
Writing 'reference/get_template_brainmask.html'
Reading 'man/get_template_csf.Rd'
Writing 'reference/get_template_csf.html'
Reading 'man/get_template_gm.Rd'
Writing 'reference/get_template_gm.html'
Reading 'man/get_template_head.Rd'
Writing 'reference/get_template_head.html'
Reading 'man/get_template_legacy.Rd'
Writing 'reference/get_template_legacy.html'
Reading 'man/get_template_probseg.Rd'
Writing 'reference/get_template_probseg.html'
Reading 'man/get_template_schaefer.Rd'
Writing 'reference/get_template_schaefer.html'
Reading 'man/get_template_transform.Rd'
Writing 'reference/get_template_transform.html'
Reading 'man/get_template_wm.Rd'
Writing 'reference/get_template_wm.html'
Reading 'man/get_visfatlas.Rd'
Writing 'reference/get_visfatlas.html'
Reading 'man/get_visual_atlas.Rd'
Writing 'reference/get_visual_atlas.html'
Reading 'man/get_wang_atlas.Rd'
Writing 'reference/get_wang_atlas.html'
Reading 'man/get_wang_prob_atlas.Rd'
Writing 'reference/get_wang_prob_atlas.html'
Reading 'man/ggseg_schaefer.Rd'
Writing 'reference/ggseg_schaefer.html'
Reading 'man/glasser_surf.Rd'
Writing 'reference/glasser_surf.html'
Reading 'man/grapes-where-grapes.Rd'
Writing 'reference/grapes-where-grapes.html'
Reading 'man/infer_design_var_type.Rd'
Writing 'reference/infer_design_var_type.html'
Reading 'man/install_templateflow.Rd'
Writing 'reference/install_templateflow.html'
Reading 'man/launch_cluster_explorer.Rd'
Writing 'reference/launch_cluster_explorer.html'
Reading 'man/list_atlases.Rd'
Writing 'reference/list_atlases.html'
Reading 'man/load_surface_template.Rd'
Writing 'reference/load_surface_template.html'
Reading 'man/map_atlas.Rd'
Writing 'reference/map_atlas.html'
Reading 'man/map_to_schaefer.Rd'
Writing 'reference/map_to_schaefer.html'
Reading 'man/merge_atlases.Rd'
Writing 'reference/merge_atlases.html'
Reading 'man/names.templateflow.Rd'
Writing 'reference/names.templateflow.html'
Reading 'man/needs_coord_transform.Rd'
Writing 'reference/needs_coord_transform.html'
Reading 'man/needs_template_warp.Rd'
Writing 'reference/needs_template_warp.html'
Reading 'man/needs_transform.Rd'
Writing 'reference/needs_transform.html'
Reading 'man/network_anchor_hues.Rd'
Writing 'reference/network_anchor_hues.html'
Reading 'man/neuroatlas-package.Rd'
Writing 'reference/neuroatlas-package.html'
Reading 'man/new_atlas_ref.Rd'
Writing 'reference/new_atlas_ref.html'
Reading 'man/olsen_mtl.Rd'
Writing 'reference/olsen_mtl.html'
Reading 'man/parcel_data.Rd'
Writing 'reference/parcel_data.html'
Reading 'man/parcel_values.Rd'
Writing 'reference/parcel_values.html'
Reading 'man/parcel_volume.Rd'
Writing 'reference/parcel_volume.html'
Reading 'man/plot-methods.Rd'
Writing 'reference/plot-methods.html'
Reading 'man/plot_brain.Rd'
Writing 'reference/plot_brain.html'
Reading 'man/plot_brain_grid.Rd'
Writing 'reference/plot_brain_grid.html'
Reading 'man/plot_glasser.Rd'
Writing 'reference/plot_glasser.html'
Reading 'man/print-methods.Rd'
Writing 'reference/print-methods.html'
Reading 'man/print.atlas_alignment.Rd'
Writing 'reference/print.atlas_alignment.html'
Reading 'man/print.atlas_ref.Rd'
Writing 'reference/print.atlas_ref.html'
Reading 'man/print.atlas_spec.Rd'
Writing 'reference/print.atlas_spec.html'
Reading 'man/print.atlas_transform_plan.Rd'
Writing 'reference/print.atlas_transform_plan.html'
Reading 'man/print.templateflow.Rd'
Writing 'reference/print.templateflow.html'
Reading 'man/project_cluster_overlay.Rd'
Writing 'reference/project_cluster_overlay.html'
Reading 'man/project_surface_view.Rd'
Writing 'reference/project_surface_view.html'
Reading 'man/query_coord.Rd'
Writing 'reference/query_coord.html'
Reading 'man/query_point.Rd'
Writing 'reference/query_point.html'
Reading 'man/read_parcel_data.Rd'
Writing 'reference/read_parcel_data.html'
Reading 'man/reduce_atlas.Rd'
Writing 'reference/reduce_atlas.html'
Reading 'man/reduce_atlas_vec.Rd'
Writing 'reference/reduce_atlas_vec.html'
Reading 'man/register_atlas.Rd'
Writing 'reference/register_atlas.html'
Reading 'man/resample.Rd'
Writing 'reference/resample.html'
Reading 'man/ribbon_projection.Rd'
Writing 'reference/ribbon_projection.html'
Reading 'man/roi_attributes.Rd'
Writing 'reference/roi_attributes.html'
Reading 'man/roi_colors_embedding.Rd'
Writing 'reference/roi_colors_embedding.html'
Reading 'man/roi_colors_maximin_view.Rd'
Writing 'reference/roi_colors_maximin_view.html'
Reading 'man/roi_colors_network_harmony.Rd'
Writing 'reference/roi_colors_network_harmony.html'
Reading 'man/roi_colors_rule_hcl.Rd'
Writing 'reference/roi_colors_rule_hcl.html'
Reading 'man/roi_metadata.Rd'
Writing 'reference/roi_metadata.html'
Reading 'man/schaefer_surf.Rd'
Writing 'reference/schaefer_surf.html'
Reading 'man/schaefer_surf_options.Rd'
Writing 'reference/schaefer_surf_options.html'
Reading 'man/show_templateflow_cache_path.Rd'
Writing 'reference/show_templateflow_cache_path.html'
Reading 'man/space_transform_manifest.Rd'
Writing 'reference/space_transform_manifest.html'
Reading 'man/spin_test.Rd'
Writing 'reference/spin_test.html'
Reading 'man/sub-sub-.templateflow.Rd'
Writing 'reference/sub-sub-.templateflow.html'
Reading 'man/sub_atlas.Rd'
Writing 'reference/sub_atlas.html'
Reading 'man/subcortical_atlas_options.Rd'
Writing 'reference/subcortical_atlas_options.html'
Reading 'man/surface_anatomy.Rd'
Writing 'reference/surface_anatomy.html'
Reading 'man/surface_data.Rd'
Writing 'reference/surface_data.html'
Reading 'man/surface_domain.Rd'
Writing 'reference/surface_domain.html'
Reading 'man/surface_geometry.Rd'
Writing 'reference/surface_geometry.html'
Reading 'man/template_to_coord_space.Rd'
Writing 'reference/template_to_coord_space.html'
Reading 'man/templates.Rd'
Writing 'reference/templates.html'
Reading 'man/tflow_files.Rd'
Writing 'reference/tflow_files.html'
Reading 'man/tflow_spaces.Rd'
Writing 'reference/tflow_spaces.html'
Reading 'man/transform_atlas.Rd'
Writing 'reference/transform_atlas.html'
Reading 'man/transform_cache_path.Rd'
Writing 'reference/transform_cache_path.html'
Reading 'man/transform_coords.Rd'
Writing 'reference/transform_coords.html'
Reading 'man/transform_vertices_to_volume.Rd'
Writing 'reference/transform_vertices_to_volume.html'
Reading 'man/validate_atlas.Rd'
Writing 'reference/validate_atlas.html'
Reading 'man/validate_atlas_ref.Rd'
Writing 'reference/validate_atlas_ref.html'
Reading 'man/validate_parcel_data.Rd'
Writing 'reference/validate_parcel_data.html'
Reading 'man/write_parcel_data.Rd'
Writing 'reference/write_parcel_data.html'
-- Building articles -----------------------------------------------------------
Writing 'articles/index.html'
Reading 'vignettes/atlas-dilation.Rmd'
Writing 'articles/atlas-dilation.html'
Reading 'vignettes/atlas-visualization.Rmd'
Writing 'articles/atlas-visualization.html'
Reading 'vignettes/neuroatlas-overview.Rmd'
Writing 'articles/neuroatlas-overview.html'
Reading 'vignettes/resource-metadata.Rmd'
Writing 'articles/resource-metadata.html'
Reading 'vignettes/surface-panels.Rmd'
Writing 'articles/surface-panels.html'
Reading 'vignettes/surface-parcellations.Rmd'
Writing 'articles/surface-parcellations.html'
Reading 'vignettes/surface-templates.Rmd'
Writing 'articles/surface-templates.html'
Reading 'vignettes/template-transforms.Rmd'
Writing 'articles/template-transforms.html'
Reading 'vignettes/wang-visual-cortex.Rmd'
Writing 'articles/wang-visual-cortex.html'
Reading 'vignettes/working-with-templateflow.Rmd'
Writing 'articles/working-with-templateflow.html'
-- Building news ---------------------------------------------------------------
Writing 'news/index.html'
Writing 'sitemap.xml'
-- Building search index -------------------------------------------------------
== DONE ========================================================================
