Running linters ■■■                                8% | ETA:  1m
Running linters ■■■■■                             14% | ETA:  1m
Running linters ■■■■■■                            17% | ETA:  1m
Running linters ■■■■■■■                           21% | ETA:  1m
Running linters ■■■■■■■■                          25% | ETA:  1m
Running linters ■■■■■■■■■                         27% | ETA:  1m
Running linters ■■■■■■■■■■                        29% | ETA:  1m
Running linters ■■■■■■■■■■                        30% | ETA:  1m
Running linters ■■■■■■■■■■■                       33% | ETA:  1m
Running linters ■■■■■■■■■■■                       34% | ETA:  1m
Running linters ■■■■■■■■■■■                       34% | ETA:  1m
Running linters ■■■■■■■■■■■■                      36% | ETA:  1m
Running linters ■■■■■■■■■■■■                      37% | ETA:  1m
Running linters ■■■■■■■■■■■■■                     39% | ETA:  1m
Running linters ■■■■■■■■■■■■■                     41% | ETA:  2m
Running linters ■■■■■■■■■■■■■■                    43% | ETA:  1m
Running linters ■■■■■■■■■■■■■■                    45% | ETA:  1m
Running linters ■■■■■■■■■■■■■■■                   46% | ETA:  1m
Running linters ■■■■■■■■■■■■■■■                   46% | ETA:  1m
Running linters ■■■■■■■■■■■■■■■■■                 54% | ETA:  1m
Running linters ■■■■■■■■■■■■■■■■■■■■              64% | ETA: 45s
Running linters ■■■■■■■■■■■■■■■■■■■■■■            69% | ETA: 37s
Running linters ■■■■■■■■■■■■■■■■■■■■■■■           73% | ETA: 32s
Running linters ■■■■■■■■■■■■■■■■■■■■■■■■■         81% | ETA: 20s
Running linters ■■■■■■■■■■■■■■■■■■■■■■■■■■■       88% | ETA: 13s
Running linters ■■■■■■■■■■■■■■■■■■■■■■■■■■■■■     93% | ETA:  7s
Running linters ■■■■■■■■■■■■■■■■■■■■■■■■■■■■■■    97% | ETA:  3s
Project lint gate passed.
