Running linters ■■■                                8% | ETA:  1m
Running linters ■■■■■                             14% | ETA:  1m
Running linters ■■■■■■                            17% | ETA:  1m
Running linters ■■■■■■■■                          22% | ETA:  1m
Running linters ■■■■■■■■                          25% | ETA:  1m
Running linters ■■■■■■■■■■                        29% | ETA:  1m
Running linters ■■■■■■■■■■                        30% | ETA:  1m
Running linters ■■■■■■■■■■                        31% | ETA:  1m
Running linters ■■■■■■■■■■■                       34% | ETA:  1m
Running linters ■■■■■■■■■■■                       34% | ETA:  1m
Running linters ■■■■■■■■■■■■                      36% | ETA:  1m
Running linters ■■■■■■■■■■■■■                     39% | ETA:  1m
Running linters ■■■■■■■■■■■■■                     40% | ETA:  1m
Running linters ■■■■■■■■■■■■■                     41% | ETA:  1m
Running linters ■■■■■■■■■■■■■■                    43% | ETA:  1m
Running linters ■■■■■■■■■■■■■■■                   46% | ETA:  1m
Running linters ■■■■■■■■■■■■■■■■■                 54% | ETA:  1m
Running linters ■■■■■■■■■■■■■■■■■■■■■             66% | ETA: 36s
Running linters ■■■■■■■■■■■■■■■■■■■■■■            71% | ETA: 29s
Running linters ■■■■■■■■■■■■■■■■■■■■■■■■■         81% | ETA: 18s
Running linters ■■■■■■■■■■■■■■■■■■■■■■■■■■■■      89% | ETA: 10s
Running linters ■■■■■■■■■■■■■■■■■■■■■■■■■■■■■■    95% | ETA:  4s
Project lint gate passed.
