* using log directory ‘/private/tmp/neuroatlas-resume-20261006/check-windows-final/neuroatlas.Rcheck’
* using R version 4.5.1 (2025-06-13)
* using platform: aarch64-apple-darwin20
* R was compiled by
    Apple clang version 16.0.0 (clang-1600.0.26.6)
    GNU Fortran (GCC) 14.2.0
* running under: macOS Sonoma 14.3
* using session charset: UTF-8
* using options ‘--no-manual --as-cran’
* checking for file ‘neuroatlas/DESCRIPTION’ ... OK
* this is package ‘neuroatlas’ version ‘0.1.0.9006’
* package encoding: UTF-8
* checking CRAN incoming feasibility ... [3s/14s] WARNING
Maintainer: ‘Bradley Buchsbaum <brad.buchsbaum@gmail.com>’

New submission

Version contains large components (0.1.0.9006)

Unknown, possibly misspelled, fields in DESCRIPTION:
  ‘Remotes’

Strong dependencies not in mainstream repositories:
  templateflow
Suggests or Enhances not in mainstream repositories:
  ggsegSchaefer, neurosurf, neurotransform

Found the following (possibly) invalid URLs:
  URL: https://napl.scholar.princeton.edu/resources
    From: man/get_wang_prob_atlas.Rd
    Status: 403
    Message: Forbidden
  URL: https://scholar.princeton.edu/napl/resources
    From: man/get_wang_atlas.Rd
    Status: 403
    Message: Forbidden

Size of tarball: 41247533 bytes
* checking package namespace information ... OK
* checking package dependencies ... INFO
Packages suggested but not available for checking:
  'echarts4r', 'geojsonio', 'geojsonsf', 'ggseg', 'ggsegSchaefer',
  'sf', 'uwot'
* checking if this is a source package ... OK
* checking if there is a namespace ... OK
* checking for executable files ... OK
* checking for hidden files and directories ... OK
* checking for portable file names ... OK
* checking for sufficient/correct file permissions ... OK
* checking whether package ‘neuroatlas’ can be installed ... [33s/34s] OK
* checking installed package size ... INFO
  installed size is 31.8Mb
  sub-directories of 1Mb or more:
    data  20.6Mb
    doc    8.2Mb
    R      2.1Mb
* checking package directory ... OK
* checking for future file timestamps ... OK
* checking ‘build’ directory ... OK
* checking DESCRIPTION meta-information ... OK
* checking top-level files ... OK
* checking for left-over files ... OK
* checking index information ... OK
* checking package subdirectories ... OK
* checking code files for non-ASCII characters ... OK
* checking R files for syntax errors ... OK
* checking whether the package can be loaded ... OK
* checking whether the package can be loaded with stated dependencies ... OK
* checking whether the package can be unloaded cleanly ... OK
* checking whether the namespace can be loaded with stated dependencies ... OK
* checking whether the namespace can be unloaded cleanly ... OK
* checking whether startup messages can be suppressed ... OK
* checking use of S3 registration ... OK
* checking dependencies in R code ... OK
* checking S3 generic/method consistency ... OK
* checking replacement functions ... OK
* checking foreign function calls ... OK
* checking R code for possible problems ... [14s/14s] OK
* checking Rd files ... OK
* checking Rd metadata ... OK
* checking Rd line widths ... OK
* checking Rd cross-references ... OK
* checking for missing documentation entries ... OK
* checking for code/documentation mismatches ... OK
* checking Rd \usage sections ... OK
* checking Rd contents ... OK
* checking for unstated dependencies in examples ... OK
* checking contents of ‘data’ directory ... OK
* checking data for non-ASCII characters ... OK
* checking LazyData ... OK
* checking data for ASCII and uncompressed saves ... OK
* checking installed files from ‘inst/doc’ ... OK
* checking files in ‘vignettes’ ... OK
* checking examples ... [13s/13s] OK
* checking examples with --run-donttest ... [18s/19s] OK
* checking for unstated dependencies in ‘tests’ ... OK
* checking tests ... [40s/41s] OK
  Running ‘testthat.R’ [40s/41s]
* checking for unstated dependencies in vignettes ... OK
* checking package vignettes ... OK
* checking re-building of vignette outputs ... [33s/36s] OK
* checking for non-standard things in the check directory ... OK
* checking for detritus in the temp directory ... OK
* DONE
Status: 1 WARNING
